// Jest Snapshot v1, https://goo.gl/fbAQLP

exports[`ErrorHandler Format error stack trace 1`] = `
"Error: Foobar Error Stack
    at Object.<anonymous> (/Users/stefano/Documents/Code/console/tests/ErrorHandler.test.ts:21:13)
    at Object.asyncJestTest (/Users/stefano/Documents/Code/console/node_modules/jest-jasmine2/build/jasmineAsyncInstall.js:102:37)
    at /Users/stefano/Documents/Code/console/node_modules/jest-jasmine2/build/queueRunner.js:43:12
    at new Promise (<anonymous>)
    at mapper (/Users/stefano/Documents/Code/console/node_modules/jest-jasmine2/build/queueRunner.js:26:19)
    at /Users/stefano/Documents/Code/console/node_modules/jest-jasmine2/build/queueRunner.js:73:41
    at processTicksAndRejections (internal/process/task_queues.js:89:5)"
`;

exports[`ErrorHandler Format error stack trace 2`] = `
Array [
  Object {
    "column": 13,
    "file": "/project//ErrorHandler.test.ts",
    "line": 21,
    "method": "Object.<anonymous>",
  },
  Object {
    "column": 37,
    "file": "/Users/stefano/Documents/Code/console/node_modules/jest-jasmine2/build/jasmineAsyncInstall.js",
    "line": 102,
    "method": "Object.asyncJestTest",
  },
  Object {
    "column": 12,
    "file": "/Users/stefano/Documents/Code/console/node_modules/jest-jasmine2/build/queueRunner.js",
    "line": 43,
    "method": undefined,
  },
  Object {
    "column": NaN,
    "file": undefined,
    "line": NaN,
    "method": "new Promise (<anonymous>)",
  },
  Object {
    "column": 19,
    "file": "/Users/stefano/Documents/Code/console/node_modules/jest-jasmine2/build/queueRunner.js",
    "line": 26,
    "method": "mapper",
  },
  Object {
    "column": 41,
    "file": "/Users/stefano/Documents/Code/console/node_modules/jest-jasmine2/build/queueRunner.js",
    "line": 73,
    "method": undefined,
  },
  Object {
    "column": 5,
    "file": "internal/process/task_queues.js",
    "line": 89,
    "method": "processTicksAndRejections",
  },
]
`;

exports[`ErrorHandler Preview file content 1`] = `
"    10| 	const o = new Output(t)
    11| 
    12| 	if (c) {
    13| 		a.register([c])
  > 14| 	}
    15| 
    16| 	return {"
`;

exports[`ErrorHandler Render error 1`] = `
"
   Error  :  Foobar

  at /Users/stefano/Documents/Code/console/tests/ErrorHandler.test.ts:31:13
    27| 	})
    28| 
    29| 	test('Render error', () => {
    30| 		const e = new Error('Foobar')
  > 31| 		const h = new ErrorHandler(output)
    32| 
    33| 		expect(h.report(e)).toMatchSnapshot()

  Exception trace:

  0   Object.asyncJestTest
      /Users/stefano/Documents/Code/console/node_modules/jest-jasmine2/build/jasmineAsyncInstall.js:102:37

  1   
      /Users/stefano/Documents/Code/console/node_modules/jest-jasmine2/build/queueRunner.js:43:12

  2   new Promise (<anonymous>)

  3   mapper
      /Users/stefano/Documents/Code/console/node_modules/jest-jasmine2/build/queueRunner.js:26:19

  4   
      /Users/stefano/Documents/Code/console/node_modules/jest-jasmine2/build/queueRunner.js:73:41

  5   processTicksAndRejections
      internal/process/task_queues.js:89:5
"
`;
