// Jest Snapshot v1, https://goo.gl/fbAQLP

exports[`ErrorHandler Render Basic Error 1`] = `
"
   Error  :  Foobar

  at /project/tests/__mocks__/ThrowError.ts:5:8

  Exception trace:

  0   Object.<anonymous>
      /project/tests/ErrorHandler.test.ts:31:4

  1   Object.asyncJestTest
      /project/node_modules/jest-jasmine2/build/jasmineAsyncInstall.js:102:37

  2   /project/node_modules/jest-jasmine2/build/queueRunner.js:43:12

  3   new Promise (<anonymous>) mapper
      /project/node_modules/jest-jasmine2/build/queueRunner.js:26:19

  4   /project/node_modules/jest-jasmine2/build/queueRunner.js:73:41

  5   processTicksAndRejections
      internal/process/task_queues.js:89:5

"
`;
